// Jest Snapshot v1, https://goo.gl/fbAQLP

exports[`Select should render 1`] = `ShallowWrapper {}`;
